Archive member included to satisfy reference by file (symbol)

/usr/lib/gcc/arm-none-eabi/4.9.3/libgcc.a(_udivsi3.o)
                              build/stdio.o (__aeabi_uidiv)
/usr/lib/gcc/arm-none-eabi/4.9.3/libgcc.a(_dvmd_tls.o)
                              /usr/lib/gcc/arm-none-eabi/4.9.3/libgcc.a(_udivsi3.o) (__aeabi_idiv0)

Memory Configuration

Name             Origin             Length             Attributes
*default*        0x0000000000000000 0xffffffffffffffff

Linker script and memory map

LOAD build/Entry.os
LOAD build/Main.o
LOAD build/Regs.o
LOAD build/Uart.o
LOAD build/stdio.o
LOAD /usr/lib/gcc/arm-none-eabi/4.9.3/libgcc.a
                0x0000000000000000                . = 0x0

.text           0x0000000000000000      0x998
 *(vector_start)
 *(.text .rodata)
 .text          0x0000000000000000       0xd4 build/Entry.os
                0x0000000000000000                vector_start
                0x000000000000003c                vector_end
 .text          0x00000000000000d4      0x164 build/Main.o
                0x00000000000000d4                main
 .rodata        0x0000000000000238       0x9b build/Main.o
 .text          0x00000000000002d3        0x0 build/Regs.o
 *fill*         0x00000000000002d3        0x1 
 .text          0x00000000000002d4      0x15c build/Uart.o
                0x00000000000002d4                Hal_uart_init
                0x0000000000000348                Hal_uart_put_char
                0x00000000000003a4                Hal_uart_get_char
 .text          0x0000000000000430      0x448 build/stdio.o
                0x0000000000000430                putstr
                0x0000000000000490                debug_printf
                0x00000000000004e0                vsprintf
                0x0000000000000764                utoa
 .rodata        0x0000000000000878        0x7 build/stdio.o
 *fill*         0x000000000000087f        0x1 
 .text          0x0000000000000880      0x114 /usr/lib/gcc/arm-none-eabi/4.9.3/libgcc.a(_udivsi3.o)
                0x0000000000000880                __udivsi3
                0x0000000000000880                __aeabi_uidiv
                0x0000000000000974                __aeabi_uidivmod
 .text          0x0000000000000994        0x4 /usr/lib/gcc/arm-none-eabi/4.9.3/libgcc.a(_dvmd_tls.o)
                0x0000000000000994                __aeabi_ldiv0
                0x0000000000000994                __aeabi_idiv0

.glue_7         0x0000000000000998        0x0
 .glue_7        0x0000000000000998        0x0 linker stubs

.glue_7t        0x0000000000000998        0x0
 .glue_7t       0x0000000000000998        0x0 linker stubs

.vfp11_veneer   0x0000000000000998        0x0
 .vfp11_veneer  0x0000000000000998        0x0 linker stubs

.v4_bx          0x0000000000000998        0x0
 .v4_bx         0x0000000000000998        0x0 linker stubs

.iplt           0x0000000000000998        0x0
 .iplt          0x0000000000000998        0x0 build/Entry.os

.rel.dyn        0x0000000000000998        0x0
 .rel.iplt      0x0000000000000998        0x0 build/Entry.os

.data           0x0000000000000998        0x4
 *(.data)
 .data          0x0000000000000998        0x0 build/Entry.os
 .data          0x0000000000000998        0x0 build/Main.o
 .data          0x0000000000000998        0x4 build/Regs.o
                0x0000000000000998                Uart
 .data          0x000000000000099c        0x0 build/Uart.o
 .data          0x000000000000099c        0x0 build/stdio.o
 .data          0x000000000000099c        0x0 /usr/lib/gcc/arm-none-eabi/4.9.3/libgcc.a(_udivsi3.o)
 .data          0x000000000000099c        0x0 /usr/lib/gcc/arm-none-eabi/4.9.3/libgcc.a(_dvmd_tls.o)

.igot.plt       0x000000000000099c        0x0
 .igot.plt      0x000000000000099c        0x0 build/Entry.os

.bss            0x000000000000099c      0x400
 *(.bss)
 .bss           0x000000000000099c        0x0 build/Entry.os
 .bss           0x000000000000099c        0x0 build/Main.o
 .bss           0x000000000000099c        0x0 build/Regs.o
 .bss           0x000000000000099c        0x0 build/Uart.o
 .bss           0x000000000000099c      0x400 build/stdio.o
 .bss           0x0000000000000d9c        0x0 /usr/lib/gcc/arm-none-eabi/4.9.3/libgcc.a(_udivsi3.o)
 .bss           0x0000000000000d9c        0x0 /usr/lib/gcc/arm-none-eabi/4.9.3/libgcc.a(_dvmd_tls.o)
OUTPUT(build/navilos.axf elf32-littlearm)

.ARM.attributes
                0x0000000000000000       0x33
 .ARM.attributes
                0x0000000000000000       0x25 build/Entry.os
 .ARM.attributes
                0x0000000000000025       0x37 build/Main.o
 .ARM.attributes
                0x000000000000005c       0x37 build/Regs.o
 .ARM.attributes
                0x0000000000000093       0x37 build/Uart.o
 .ARM.attributes
                0x00000000000000ca       0x37 build/stdio.o
 .ARM.attributes
                0x0000000000000101       0x18 /usr/lib/gcc/arm-none-eabi/4.9.3/libgcc.a(_udivsi3.o)
 .ARM.attributes
                0x0000000000000119       0x18 /usr/lib/gcc/arm-none-eabi/4.9.3/libgcc.a(_dvmd_tls.o)

.comment        0x0000000000000000       0x38
 .comment       0x0000000000000000       0x38 build/Main.o
                                         0x39 (size before relaxing)
 .comment       0x0000000000000038       0x39 build/Regs.o
 .comment       0x0000000000000038       0x39 build/Uart.o
 .comment       0x0000000000000038       0x39 build/stdio.o

.debug_line     0x0000000000000000      0x33b
 .debug_line    0x0000000000000000       0x6d build/Entry.os
 .debug_line    0x000000000000006d       0x6d build/Main.o
 .debug_line    0x00000000000000da       0x4e build/Regs.o
 .debug_line    0x0000000000000128       0x7c build/Uart.o
 .debug_line    0x00000000000001a4       0xc4 build/stdio.o
 .debug_line    0x0000000000000268       0x78 /usr/lib/gcc/arm-none-eabi/4.9.3/libgcc.a(_udivsi3.o)
 .debug_line    0x00000000000002e0       0x5b /usr/lib/gcc/arm-none-eabi/4.9.3/libgcc.a(_dvmd_tls.o)

.debug_info     0x0000000000000000     0x1ab3
 .debug_info    0x0000000000000000       0x56 build/Entry.os
 .debug_info    0x0000000000000056      0x109 build/Main.o
 .debug_info    0x000000000000015f      0xa7d build/Regs.o
 .debug_info    0x0000000000000bdc      0xae6 build/Uart.o
 .debug_info    0x00000000000016c2      0x295 build/stdio.o
 .debug_info    0x0000000000001957       0xae /usr/lib/gcc/arm-none-eabi/4.9.3/libgcc.a(_udivsi3.o)
 .debug_info    0x0000000000001a05       0xae /usr/lib/gcc/arm-none-eabi/4.9.3/libgcc.a(_dvmd_tls.o)

.debug_abbrev   0x0000000000000000      0x426
 .debug_abbrev  0x0000000000000000       0x14 build/Entry.os
 .debug_abbrev  0x0000000000000014       0xaf build/Main.o
 .debug_abbrev  0x00000000000000c3       0xe4 build/Regs.o
 .debug_abbrev  0x00000000000001a7      0x154 build/Uart.o
 .debug_abbrev  0x00000000000002fb      0x103 build/stdio.o
 .debug_abbrev  0x00000000000003fe       0x14 /usr/lib/gcc/arm-none-eabi/4.9.3/libgcc.a(_udivsi3.o)
 .debug_abbrev  0x0000000000000412       0x14 /usr/lib/gcc/arm-none-eabi/4.9.3/libgcc.a(_dvmd_tls.o)

.debug_aranges  0x0000000000000000       0xd8
 .debug_aranges
                0x0000000000000000       0x20 build/Entry.os
 .debug_aranges
                0x0000000000000020       0x20 build/Main.o
 .debug_aranges
                0x0000000000000040       0x18 build/Regs.o
 .debug_aranges
                0x0000000000000058       0x20 build/Uart.o
 .debug_aranges
                0x0000000000000078       0x20 build/stdio.o
 .debug_aranges
                0x0000000000000098       0x20 /usr/lib/gcc/arm-none-eabi/4.9.3/libgcc.a(_udivsi3.o)
 .debug_aranges
                0x00000000000000b8       0x20 /usr/lib/gcc/arm-none-eabi/4.9.3/libgcc.a(_dvmd_tls.o)

.debug_str      0x0000000000000000      0x4d9
 .debug_str     0x0000000000000000      0x110 build/Main.o
                                        0x12e (size before relaxing)
 .debug_str     0x0000000000000110      0x30b build/Regs.o
                                        0x3ff (size before relaxing)
 .debug_str     0x000000000000041b       0x47 build/Uart.o
                                        0x43e (size before relaxing)
 .debug_str     0x0000000000000462       0x77 build/stdio.o
                                        0x189 (size before relaxing)

.debug_frame    0x0000000000000000      0x1a8
 .debug_frame   0x0000000000000000       0x6c build/Main.o
 .debug_frame   0x000000000000006c       0x70 build/Uart.o
 .debug_frame   0x00000000000000dc       0xac build/stdio.o
 .debug_frame   0x0000000000000188       0x20 /usr/lib/gcc/arm-none-eabi/4.9.3/libgcc.a(_udivsi3.o)
